// Vitest Snapshot v1, https://vitest.dev/guide/snapshot.html

exports[`e2e: iOS locales > writes all the image files expected 1`] = `"CFBundleDisplayName = "french-name";"`;

exports[`e2e: iOS locales writes all the image files expected 1`] = `"CFBundleDisplayName = "french-name";"`;
